{
  "source": {
    "file": "defFl27.bal"
  },
  "position": {
    "line": 155,
    "character": 27
  },
  "result": [
    {
      "uri": "defFl27.bal",
      "range": {
        "start": {
          "line": 150,
          "character": 5
        },
        "end": {
          "line": 150,
          "character": 16
        }
      }
    }
  ]
}
